// Jest Snapshot v1, https://goo.gl/fbAQLP

exports[`attributify fixture1 1`] = `
".i-carbon-sun{--un-icon:url(\\"data:image/svg+xml;base64,PHN2ZyB4bWxucz0naHR0cDovL3d3dy53My5vcmcvMjAwMC9zdmcnIHdpZHRoPScxZW0nIGhlaWdodD0nMWVtJyBwcmVzZXJ2ZUFzcGVjdFJhdGlvPSd4TWlkWU1pZCBtZWV0JyB2aWV3Qm94PScwIDAgMzIgMzInPjxwYXRoIGQ9J00xNiAxMi4wMDVhNCA0IDAgMSAxLTQgNGE0LjAwNSA0LjAwNSAwIDAgMSA0LTRtMC0yYTYgNiAwIDEgMCA2IDZhNiA2IDAgMCAwLTYtNnonIGZpbGw9J2N1cnJlbnRDb2xvcicvPjxwYXRoIGQ9J001LjM5NCA2LjgxM2wxLjQxNC0xLjQxNWwzLjUwNiAzLjUwNkw4LjkgMTAuMzE4eicgZmlsbD0nY3VycmVudENvbG9yJy8+PHBhdGggZD0nTTIgMTUuMDA1aDV2MkgyeicgZmlsbD0nY3VycmVudENvbG9yJy8+PHBhdGggZD0nTTUuMzk0IDI1LjE5N0w4LjkgMjEuNjkxbDEuNDE0IDEuNDE1bC0zLjUwNiAzLjUwNXonIGZpbGw9J2N1cnJlbnRDb2xvcicvPjxwYXRoIGQ9J00xNSAyNS4wMDVoMnY1aC0yeicgZmlsbD0nY3VycmVudENvbG9yJy8+PHBhdGggZD0nTTIxLjY4NyAyMy4xMDZsMS40MTQtMS40MTVsMy41MDYgMy41MDZsLTEuNDE0IDEuNDE0eicgZmlsbD0nY3VycmVudENvbG9yJy8+PHBhdGggZD0nTTI1IDE1LjAwNWg1djJoLTV6JyBmaWxsPSdjdXJyZW50Q29sb3InLz48cGF0aCBkPSdNMjEuNjg3IDguOTA0bDMuNTA2LTMuNTA2bDEuNDE0IDEuNDE1bC0zLjUwNiAzLjUwNXonIGZpbGw9J2N1cnJlbnRDb2xvcicvPjxwYXRoIGQ9J00xNSAyLjAwNWgydjVoLTJ6JyBmaWxsPSdjdXJyZW50Q29sb3InLz48L3N2Zz4=\\");-webkit-mask:var(--un-icon) no-repeat;mask:var(--un-icon) no-repeat;-webkit-mask-size:100% 100%;mask-size:100% 100%;background-color:currentColor;height:1em;width:1em;}
.dark .dark\\\\:i-carbon-moon{--un-icon:url(\\"data:image/svg+xml;base64,PHN2ZyB4bWxucz0naHR0cDovL3d3dy53My5vcmcvMjAwMC9zdmcnIHdpZHRoPScxZW0nIGhlaWdodD0nMWVtJyBwcmVzZXJ2ZUFzcGVjdFJhdGlvPSd4TWlkWU1pZCBtZWV0JyB2aWV3Qm94PScwIDAgMzIgMzInPjxwYXRoIGQ9J00xMy41MDIgNS40MTRhMTUuMDc1IDE1LjA3NSAwIDAgMCAxMS41OTQgMTguMTk0YTExLjExMyAxMS4xMTMgMCAwIDEtNy45NzUgMy4zOWMtLjEzOCAwLS4yNzguMDA1LS40MTggMGExMS4wOTQgMTEuMDk0IDAgMCAxLTMuMi0yMS41ODRNMTQuOTggM2ExLjAwMiAxLjAwMiAwIDAgMC0uMTc1LjAxNmExMy4wOTYgMTMuMDk2IDAgMCAwIDEuODI1IDI1Ljk4MWMuMTY0LjAwNi4zMjggMCAuNDkgMGExMy4wNzIgMTMuMDcyIDAgMCAwIDEwLjcwMy01LjU1NWExLjAxIDEuMDEgMCAwIDAtLjc4My0xLjU2NUExMy4wOCAxMy4wOCAwIDAgMSAxNS44OSA0LjM4QTEuMDE1IDEuMDE1IDAgMCAwIDE0Ljk4IDN6JyBmaWxsPSdjdXJyZW50Q29sb3InLz48L3N2Zz4=\\");-webkit-mask:var(--un-icon) no-repeat;mask:var(--un-icon) no-repeat;-webkit-mask-size:100% 100%;mask-size:100% 100%;background-color:currentColor;height:1em;width:1em;}"
`;
