// Jest Snapshot v1, https://goo.gl/fbAQLP

exports[`scope 1`] = `
".foo-scope .hover\\\\:p-4:hover{padding:1rem;}
.foo-scope .\\\\!p-5px{padding:5px !important;}
.foo-scope .hover\\\\:\\\\!p-10:hover{padding:2.5rem !important;}
.foo-scope .\\\\!hover\\\\:px-10:hover{padding-left:2.5rem !important;padding-right:2.5rem !important;}
.foo-scope .pl-10px{padding-left:10px;}
.dark .foo-scope .dark\\\\:text-xl,.dark .foo-scope .dark\\\\:hover\\\\:text-xl:hover{font-size:1.25rem;line-height:1.75rem;}
.foo-scope .flex{display:flex;}
@media (min-width: 640px){
.foo-scope .sm\\\\:text-red-100{--mw-text-opacity:1;color:rgba(254,226,226,var(--mw-text-opacity));}
.foo-scope .sm\\\\:text-red-200\\\\/10{color:rgba(254,202,202,0.1);}
}
@media (min-width: 768px){
.foo-scope .md\\\\:\\\\!hidden{display:none !important;}
}"
`;
